CONST
IDENT(MAX)
EQU
NUMBER(10)
SEMICOLON
VAR
IDENT(a)
COMMA
IDENT(b)
COMMA
IDENT(result)
SEMICOLON
PROCEDURE
IDENT(multiply)
SEMICOLON
BEGIN
IDENT(result)
ASSIGN
IDENT(a)
TIMES
IDENT(b)
SEMICOLON
END
SEMICOLON
BEGIN
IDENT(a)
ASSIGN
NUMBER(2)
SEMICOLON
IDENT(b)
ASSIGN
NUMBER(3)
SEMICOLON
IDENT(multiply)
SEMICOLON
IDENT(write)
LPARENT
IDENT(result)
RPARENT
SEMICOLON
END
PERIOD
NONE