CONST
IDENT(max)
EQU
NUMBER(100)
COMMA
IDENT(min)
EQU
NUMBER(1)
SEMICOLON
VAR
IDENT(i)
COMMA
IDENT(sum)
COMMA
IDENT(result)
SEMICOLON
PROCEDURE
IDENT(init)
SEMICOLON
BEGIN
IDENT(i)
ASSIGN
NUMBER(0)
SEMICOLON
IDENT(sum)
ASSIGN
NUMBER(0)
SEMICOLON
IDENT(result)
ASSIGN
NUMBER(0)
END
SEMICOLON
PROCEDURE
IDENT(calculateSum)
SEMICOLON
BEGIN
IDENT(i)
ASSIGN
IDENT(min)
SEMICOLON
WHILE
IDENT(i)
LEQ
IDENT(max)
DO
BEGIN
IDENT(sum)
ASSIGN
IDENT(sum)
PLUS
IDENT(i)
SEMICOLON
IDENT(i)
ASSIGN
IDENT(i)
PLUS
NUMBER(1)
END
END
SEMICOLON
PROCEDURE
IDENT(calculateFactorial)
SEMICOLON
VAR
IDENT(n)
COMMA
IDENT(fact)
SEMICOLON
BEGIN
IDENT(n)
ASSIGN
NUMBER(10)
SEMICOLON
IDENT(fact)
ASSIGN
NUMBER(1)
SEMICOLON
WHILE
IDENT(n)
GTR
NUMBER(1)
DO
BEGIN
IDENT(fact)
ASSIGN
IDENT(fact)
TIMES
IDENT(n)
SEMICOLON
IDENT(n)
ASSIGN
IDENT(n)
MINUS
NUMBER(1)
END
SEMICOLON
IDENT(result)
ASSIGN
IDENT(fact)
END
SEMICOLON
PROCEDURE
IDENT(calculateFibonacci)
SEMICOLON
VAR
IDENT(a)
COMMA
IDENT(b)
COMMA
IDENT(temp)
COMMA
IDENT(count)
SEMICOLON
BEGIN
IDENT(a)
ASSIGN
NUMBER(0)
SEMICOLON
IDENT(b)
ASSIGN
NUMBER(1)
SEMICOLON
IDENT(count)
ASSIGN
NUMBER(2)
SEMICOLON
WHILE
IDENT(count)
LEQ
NUMBER(10)
DO
BEGIN
IDENT(temp)
ASSIGN
IDENT(a)
PLUS
IDENT(b)
SEMICOLON
IDENT(a)
ASSIGN
IDENT(b)
SEMICOLON
IDENT(b)
ASSIGN
IDENT(temp)
SEMICOLON
IDENT(count)
ASSIGN
IDENT(count)
PLUS
NUMBER(1)
END
SEMICOLON
IDENT(result)
ASSIGN
IDENT(b)
END
SEMICOLON
PROCEDURE
IDENT(checkPrime)
SEMICOLON
VAR
IDENT(n)
COMMA
IDENT(d)
SEMICOLON
IDENT(isPrime)
SEMICOLON
BEGIN
IDENT(n)
ASSIGN
NUMBER(29)
SEMICOLON
IDENT(isPrime)
ASSIGN
NUMBER(1)
SEMICOLON
IDENT(d)
ASSIGN
NUMBER(2)
SEMICOLON
WHILE
IDENT(d)
TIMES
IDENT(d)
LEQ
IDENT(n)
DO
BEGIN
IF
IDENT(n)
PERCENT
IDENT(d)
EQU
NUMBER(0)
END
BEGIN
IDENT(isPrime)
ASSIGN
NUMBER(0)
SEMICOLON
IDENT(d)
ASSIGN
IDENT(n)
END
SEMICOLON
IDENT(d)
ASSIGN
IDENT(d)
PLUS
NUMBER(1)
END
SEMICOLON
IF
IDENT(isPrime)
EQU
NUMBER(1)
END
IDENT(result)
ASSIGN
IDENT(n)
ELSE
IDENT(result)
ASSIGN
NUMBER(0)
END
SEMICOLON
PROCEDURE
IDENT(printResults)
SEMICOLON
BEGIN
NONE
