IDENT(VAR)
IDENT(a)
COMMA
IDENT(b)
COMMA
IDENT(c)
COMMA
IDENT(d)
COMMA
IDENT(e)
COMMA
IDENT(f)
COMMA
IDENT(g)
COMMA
IDENT(h)
COMMA
IDENT(i)
COMMA
IDENT(j)
NONE
